// Jest Snapshot v1, https://goo.gl/fbAQLP

exports[`HomeSkeleton component it renders correctly 1`] = `
<div
  className="sc-beqWNU leGJVV"
>
  <div
    className="sc-gueXAH hjRfxX"
    data-testid="skeleton-card"
  />
  <div
    className="sc-gueXAH hjRfxX"
    data-testid="skeleton-card"
  />
  <div
    className="sc-gueXAH hjRfxX"
    data-testid="skeleton-card"
  />
  <div
    className="sc-gueXAH hjRfxX"
    data-testid="skeleton-card"
  />
  <div
    className="sc-gueXAH hjRfxX"
    data-testid="skeleton-card"
  />
  <div
    className="sc-gueXAH hjRfxX"
    data-testid="skeleton-card"
  />
  <div
    className="sc-gueXAH hjRfxX"
    data-testid="skeleton-card"
  />
  <div
    className="sc-gueXAH hjRfxX"
    data-testid="skeleton-card"
  />
  <div
    className="sc-gueXAH hjRfxX"
    data-testid="skeleton-card"
  />
  <div
    className="sc-gueXAH hjRfxX"
    data-testid="skeleton-card"
  />
  <div
    className="sc-gueXAH hjRfxX"
    data-testid="skeleton-card"
  />
  <div
    className="sc-gueXAH hjRfxX"
    data-testid="skeleton-card"
  />
  <div
    className="sc-gueXAH hjRfxX"
    data-testid="skeleton-card"
  />
  <div
    className="sc-gueXAH hjRfxX"
    data-testid="skeleton-card"
  />
  <div
    className="sc-gueXAH hjRfxX"
    data-testid="skeleton-card"
  />
  <div
    className="sc-gueXAH hjRfxX"
    data-testid="skeleton-card"
  />
  <div
    className="sc-gueXAH hjRfxX"
    data-testid="skeleton-card"
  />
  <div
    className="sc-gueXAH hjRfxX"
    data-testid="skeleton-card"
  />
  <div
    className="sc-gueXAH hjRfxX"
    data-testid="skeleton-card"
  />
  <div
    className="sc-gueXAH hjRfxX"
    data-testid="skeleton-card"
  />
</div>
`;
