// Jest Snapshot v1, https://goo.gl/fbAQLP

exports[`HomeSkeleton component renders correctly 1`] = `
<div
  className="sc-beqWNU leGJVV"
>
  <div
    className="sc-gueXAH hjRfxX"
  />
  <div
    className="sc-gueXAH hjRfxX"
  />
  <div
    className="sc-gueXAH hjRfxX"
  />
  <div
    className="sc-gueXAH hjRfxX"
  />
  <div
    className="sc-gueXAH hjRfxX"
  />
  <div
    className="sc-gueXAH hjRfxX"
  />
  <div
    className="sc-gueXAH hjRfxX"
  />
  <div
    className="sc-gueXAH hjRfxX"
  />
  <div
    className="sc-gueXAH hjRfxX"
  />
  <div
    className="sc-gueXAH hjRfxX"
  />
  <div
    className="sc-gueXAH hjRfxX"
  />
  <div
    className="sc-gueXAH hjRfxX"
  />
  <div
    className="sc-gueXAH hjRfxX"
  />
  <div
    className="sc-gueXAH hjRfxX"
  />
  <div
    className="sc-gueXAH hjRfxX"
  />
  <div
    className="sc-gueXAH hjRfxX"
  />
  <div
    className="sc-gueXAH hjRfxX"
  />
  <div
    className="sc-gueXAH hjRfxX"
  />
  <div
    className="sc-gueXAH hjRfxX"
  />
  <div
    className="sc-gueXAH hjRfxX"
  />
</div>
`;
